[18:52:53] 限流续传启动: target=1000000 margin=2000 chunk=12000 pause=20s
[18:52:53] 当前 Meili 文档数=974000 / 目标=1000000  isIndexing=True
[18:52:53] 仍在索引中, 等待本轮结束...
[18:53:08]   索引中... count=974000
[18:53:23]   索引中... count=974000
[18:53:38]   索引中... count=974000
[18:53:53]   索引中... count=974000
[18:54:08]   索引中... count=974000
[18:54:23] 当前 Meili 文档数=982000 / 目标=1000000  isIndexing=False
[18:54:23] 触发第 1 段续传: fromId=980000 limit=12000
[18:54:23]   triggered (200): {"message":"Meilisearch 续传重建已触发 (fromId=980000, limit=12000, 后台执行)","hint":"通过 /api/admin/etl/progress/stream 或 /api/admin/etl/history 查询进度"}
[18:54:53]   第 1 段索引中... count=982000
[18:55:08]   第 1 段索引中... count=982000
[18:55:23]   第 1 段索引中... count=983000
[18:55:38]   第 1 段索引中... count=983000
[18:55:53]   第 1 段索引中... count=983000
[18:56:08]   第 1 段索引中... count=983000
[18:56:23]   第 1 段索引中... count=983000
[18:56:38]   第 1 段索引中... count=983000
[18:56:53]   第 1 段索引中... count=983000
[18:57:08] 第 1 段结束, count=992000 (本段 +10000)
[18:57:08]   保护性休眠 20s, 让系统恢复...
[18:57:28] 当前 Meili 文档数=992000 / 目标=1000000  isIndexing=False
[18:57:28] 触发第 2 段续传: fromId=990000 limit=12000
[18:57:28]   triggered (200): {"message":"Meilisearch 续传重建已触发 (fromId=990000, limit=12000, 后台执行)","hint":"通过 /api/admin/etl/progress/stream 或 /api/admin/etl/history 查询进度"}
[18:57:58]   第 2 段索引中... count=992000
[18:58:13]   第 2 段索引中... count=992000
[18:58:28]   第 2 段索引中... count=992000
[18:58:43]   第 2 段索引中... count=993000
[18:58:58]   第 2 段索引中... count=993000
[18:59:14]   第 2 段索引中... count=993000
[18:59:29]   第 2 段索引中... count=993000
[18:59:44]   第 2 段索引中... count=993000
[18:59:59]   第 2 段索引中... count=993000
[19:00:14] 第 2 段结束, count=1000000 (本段 +8000)
[19:00:14]   保护性休眠 20s, 让系统恢复...
[19:00:34] 当前 Meili 文档数=1000000 / 目标=1000000  isIndexing=False
[19:00:34] 已达成目标文档数, 续传完成。
[19:00:34] 续传驱动退出。
